mode: set
github.com/didactiklabs/ginx/scripts/gen_doc.go:11.13,14.16 3 0
github.com/didactiklabs/ginx/scripts/gen_doc.go:14.16,16.3 1 0
github.com/didactiklabs/ginx/cmd/root.go:36.55,38.3 1 0
github.com/didactiklabs/ginx/cmd/root.go:43.43,46.17 2 0
github.com/didactiklabs/ginx/cmd/root.go:46.17,49.3 2 0
github.com/didactiklabs/ginx/cmd/root.go:51.2,57.16 6 0
github.com/didactiklabs/ginx/cmd/root.go:57.16,59.3 1 0
github.com/didactiklabs/ginx/cmd/root.go:60.2,63.16 3 0
github.com/didactiklabs/ginx/cmd/root.go:63.16,65.3 1 0
github.com/didactiklabs/ginx/cmd/root.go:67.2,67.13 1 0
github.com/didactiklabs/ginx/cmd/root.go:67.13,70.3 2 0
github.com/didactiklabs/ginx/cmd/root.go:72.2,75.51 3 0
github.com/didactiklabs/ginx/cmd/root.go:78.68,79.33 1 0
github.com/didactiklabs/ginx/cmd/root.go:79.33,82.3 2 0
github.com/didactiklabs/ginx/cmd/root.go:83.2,84.27 2 0
github.com/didactiklabs/ginx/cmd/root.go:87.41,88.20 1 0
github.com/didactiklabs/ginx/cmd/root.go:88.20,90.3 1 0
github.com/didactiklabs/ginx/cmd/root.go:91.2,92.68 2 0
github.com/didactiklabs/ginx/cmd/root.go:92.68,94.3 1 0
github.com/didactiklabs/ginx/cmd/root.go:103.3,104.6 1 0
github.com/didactiklabs/ginx/cmd/root.go:104.6,105.10 1 0
github.com/didactiklabs/ginx/cmd/root.go:106.21,108.10 2 0
github.com/didactiklabs/ginx/cmd/root.go:109.11,109.11 0 0
github.com/didactiklabs/ginx/cmd/root.go:112.3,113.17 2 0
github.com/didactiklabs/ginx/cmd/root.go:113.17,115.4 1 0
github.com/didactiklabs/ginx/cmd/root.go:116.3,119.17 3 0
github.com/didactiklabs/ginx/cmd/root.go:119.17,121.4 1 0
github.com/didactiklabs/ginx/cmd/root.go:122.3,124.34 2 0
github.com/didactiklabs/ginx/cmd/root.go:124.34,131.12 3 0
github.com/didactiklabs/ginx/cmd/root.go:134.3,136.43 2 0
github.com/didactiklabs/ginx/cmd/root.go:136.43,139.23 3 0
github.com/didactiklabs/ginx/cmd/root.go:139.23,141.5 1 0
github.com/didactiklabs/ginx/cmd/root.go:142.4,142.12 1 0
github.com/didactiklabs/ginx/cmd/root.go:145.3,145.20 1 0
github.com/didactiklabs/ginx/cmd/root.go:145.20,147.70 2 0
github.com/didactiklabs/ginx/cmd/root.go:147.70,148.21 1 0
github.com/didactiklabs/ginx/cmd/root.go:148.21,150.6 1 0
github.com/didactiklabs/ginx/cmd/root.go:151.5,151.65 1 0
github.com/didactiklabs/ginx/cmd/root.go:155.3,155.23 1 0
github.com/didactiklabs/ginx/cmd/root.go:159.19,161.22 2 0
github.com/didactiklabs/ginx/cmd/root.go:162.15,163.32 1 0
github.com/didactiklabs/ginx/cmd/root.go:164.15,165.32 1 0
github.com/didactiklabs/ginx/cmd/root.go:167.2,167.34 1 0
github.com/didactiklabs/ginx/cmd/root.go:170.16,172.16 2 0
github.com/didactiklabs/ginx/cmd/root.go:172.16,174.3 1 0
github.com/didactiklabs/ginx/cmd/root.go:177.13,185.2 7 0
github.com/didactiklabs/ginx/internal/utils/git.go:13.40,14.52 1 0
github.com/didactiklabs/ginx/internal/utils/git.go:14.52,16.3 1 0
github.com/didactiklabs/ginx/internal/utils/git.go:17.2,17.13 1 0
github.com/didactiklabs/ginx/internal/utils/git.go:20.40,22.16 2 0
github.com/didactiklabs/ginx/internal/utils/git.go:22.16,24.3 1 0
github.com/didactiklabs/ginx/internal/utils/git.go:25.2,26.16 2 0
github.com/didactiklabs/ginx/internal/utils/git.go:26.16,28.3 1 0
github.com/didactiklabs/ginx/internal/utils/git.go:29.2,30.16 2 0
github.com/didactiklabs/ginx/internal/utils/git.go:30.16,32.3 1 0
github.com/didactiklabs/ginx/internal/utils/git.go:33.2,34.16 2 0
github.com/didactiklabs/ginx/internal/utils/git.go:34.16,36.3 1 0
github.com/didactiklabs/ginx/internal/utils/git.go:37.2,38.12 2 0
github.com/didactiklabs/ginx/internal/utils/git.go:41.69,48.16 3 0
github.com/didactiklabs/ginx/internal/utils/git.go:48.16,50.3 1 0
github.com/didactiklabs/ginx/internal/utils/git.go:51.2,52.16 2 0
github.com/didactiklabs/ginx/internal/utils/git.go:52.16,54.3 1 0
github.com/didactiklabs/ginx/internal/utils/git.go:55.2,56.16 2 0
github.com/didactiklabs/ginx/internal/utils/git.go:56.16,58.3 1 0
github.com/didactiklabs/ginx/internal/utils/git.go:59.2,60.15 2 0
github.com/didactiklabs/ginx/internal/utils/git.go:63.64,69.2 5 0
github.com/didactiklabs/ginx/internal/utils/git.go:71.78,73.16 2 0
github.com/didactiklabs/ginx/internal/utils/git.go:73.16,75.3 1 0
github.com/didactiklabs/ginx/internal/utils/git.go:76.2,79.16 2 0
github.com/didactiklabs/ginx/internal/utils/git.go:79.16,81.3 1 0
github.com/didactiklabs/ginx/internal/utils/git.go:82.2,83.27 2 0
github.com/didactiklabs/ginx/internal/utils/git.go:83.27,84.36 1 0
github.com/didactiklabs/ginx/internal/utils/git.go:84.36,86.4 1 0
github.com/didactiklabs/ginx/internal/utils/git.go:88.2,88.16 1 0
github.com/didactiklabs/ginx/internal/utils/git.go:91.55,93.16 2 0
github.com/didactiklabs/ginx/internal/utils/git.go:93.16,95.3 1 0
github.com/didactiklabs/ginx/internal/utils/git.go:96.2,97.16 2 0
github.com/didactiklabs/ginx/internal/utils/git.go:97.16,99.3 1 0
github.com/didactiklabs/ginx/internal/utils/git.go:100.2,100.33 1 0
github.com/didactiklabs/ginx/internal/utils/zap.go:10.47,26.16 4 0
github.com/didactiklabs/ginx/internal/utils/zap.go:26.16,27.13 1 0
github.com/didactiklabs/ginx/internal/utils/zap.go:31.19,32.19 1 0
github.com/didactiklabs/ginx/internal/utils/zap.go:32.19,34.3 1 0
github.com/didactiklabs/ginx/main.go:5.13,7.2 1 0
